C:\Documents and Settings\Administrator\git\OnlineRegist\OnlineRegist\src\main\java\com\online\model\Scheduling.java
C:\Documents and Settings\Administrator\git\OnlineRegist\OnlineRegist\src\main\java\com\online\service\imp\PositionServiceImp.java
C:\Documents and Settings\Administrator\git\OnlineRegist\OnlineRegist\src\main\java\com\online\bean\DiseaseOfHosipitalBean.java
C:\Documents and Settings\Administrator\git\OnlineRegist\OnlineRegist\src\main\java\com\online\service\imp\CostServiceImp.java
C:\Documents and Settings\Administrator\git\OnlineRegist\OnlineRegist\src\main\java\com\online\control\DocterController.java
C:\Documents and Settings\Administrator\git\OnlineRegist\OnlineRegist\src\main\java\com\online\model\ClassCost.java
C:\Documents and Settings\Administrator\git\OnlineRegist\OnlineRegist\src\main\java\com\online\service\imp\SchedulingServiceImp.java
C:\Documents and Settings\Administrator\git\OnlineRegist\OnlineRegist\src\main\java\com\online\service\imp\HospitalServiceImp.java
C:\Documents and Settings\Administrator\git\OnlineRegist\OnlineRegist\src\main\java\com\online\service\BookService.java
C:\Documents and Settings\Administrator\git\OnlineRegist\OnlineRegist\src\main\java\com\online\control\HospitalController.java
C:\Documents and Settings\Administrator\git\OnlineRegist\OnlineRegist\src\main\java\com\online\dao\PositionMapper.java
C:\Documents and Settings\Administrator\git\OnlineRegist\OnlineRegist\src\main\java\com\online\model\Book.java
C:\Documents and Settings\Administrator\git\OnlineRegist\OnlineRegist\src\main\java\com\online\util\MailUtil.java
C:\Documents and Settings\Administrator\git\OnlineRegist\OnlineRegist\src\main\java\com\online\control\UploadController.java
C:\Documents and Settings\Administrator\git\OnlineRegist\OnlineRegist\src\main\java\com\online\model\Disease.java
C:\Documents and Settings\Administrator\git\OnlineRegist\OnlineRegist\src\main\java\com\online\service\imp\DocterServiceImp.java
C:\Documents and Settings\Administrator\git\OnlineRegist\OnlineRegist\src\main\java\com\online\control\DiseaseController.java
C:\Documents and Settings\Administrator\git\OnlineRegist\OnlineRegist\src\main\java\com\online\service\SchedulingService.java
C:\Documents and Settings\Administrator\git\OnlineRegist\OnlineRegist\src\main\java\com\online\control\RedireController.java
C:\Documents and Settings\Administrator\git\OnlineRegist\OnlineRegist\src\main\java\com\online\service\MailService.java
C:\Documents and Settings\Administrator\git\OnlineRegist\OnlineRegist\src\main\java\com\online\service\imp\MailServiceImp.java
C:\Documents and Settings\Administrator\git\OnlineRegist\OnlineRegist\src\main\java\com\online\service\DiseaseService.java
C:\Documents and Settings\Administrator\git\OnlineRegist\OnlineRegist\src\main\java\com\online\model\User.java
C:\Documents and Settings\Administrator\git\OnlineRegist\OnlineRegist\src\main\java\com\online\model\Hospital.java
C:\Documents and Settings\Administrator\git\OnlineRegist\OnlineRegist\src\main\java\com\online\service\imp\DepartmentServiceImp.java
C:\Documents and Settings\Administrator\git\OnlineRegist\OnlineRegist\src\main\java\com\online\control\SearchController.java
C:\Documents and Settings\Administrator\git\OnlineRegist\OnlineRegist\src\main\java\com\online\bean\BookResultBean.java
C:\Documents and Settings\Administrator\git\OnlineRegist\OnlineRegist\src\main\java\com\online\control\BookController.java
C:\Documents and Settings\Administrator\git\OnlineRegist\OnlineRegist\src\main\java\com\online\control\DepartmentController.java
C:\Documents and Settings\Administrator\git\OnlineRegist\OnlineRegist\src\main\java\com\online\model\Doctor.java
C:\Documents and Settings\Administrator\git\OnlineRegist\OnlineRegist\src\main\java\com\online\service\DepartmentService.java
C:\Documents and Settings\Administrator\git\OnlineRegist\OnlineRegist\src\main\java\com\online\dao\HospitalMapper.java
C:\Documents and Settings\Administrator\git\OnlineRegist\OnlineRegist\src\main\java\com\online\service\HospitalService.java
C:\Documents and Settings\Administrator\git\OnlineRegist\OnlineRegist\src\main\java\com\online\control\PositionController.java
C:\Documents and Settings\Administrator\git\OnlineRegist\OnlineRegist\src\main\java\com\online\model\Department.java
C:\Documents and Settings\Administrator\git\OnlineRegist\OnlineRegist\src\main\java\com\online\service\DocterService.java
C:\Documents and Settings\Administrator\git\OnlineRegist\OnlineRegist\src\main\java\com\online\dao\BookMapper.java
C:\Documents and Settings\Administrator\git\OnlineRegist\OnlineRegist\src\main\java\com\online\service\imp\BookServiceImp.java
C:\Documents and Settings\Administrator\git\OnlineRegist\OnlineRegist\src\main\java\com\online\service\imp\DiseaseServiceImp.java
C:\Documents and Settings\Administrator\git\OnlineRegist\OnlineRegist\src\main\java\com\online\model\Position.java
C:\Documents and Settings\Administrator\git\OnlineRegist\OnlineRegist\src\main\java\com\online\util\DateUtil.java
C:\Documents and Settings\Administrator\git\OnlineRegist\OnlineRegist\src\main\java\com\online\dao\SchedulingMapper.java
C:\Documents and Settings\Administrator\git\OnlineRegist\OnlineRegist\src\main\java\com\online\service\imp\UserServiceImp.java
C:\Documents and Settings\Administrator\git\OnlineRegist\OnlineRegist\src\main\java\com\online\control\CostController.java
C:\Documents and Settings\Administrator\git\OnlineRegist\OnlineRegist\src\main\java\com\online\control\SchedulingController.java
C:\Documents and Settings\Administrator\git\OnlineRegist\OnlineRegist\src\main\java\com\online\dao\ClassCostMapper.java
C:\Documents and Settings\Administrator\git\OnlineRegist\OnlineRegist\src\main\java\com\online\util\Message.java
C:\Documents and Settings\Administrator\git\OnlineRegist\OnlineRegist\src\main\java\com\online\bean\DepartmentResult.java
C:\Documents and Settings\Administrator\git\OnlineRegist\OnlineRegist\src\main\java\com\online\bean\DoctorResult.java
C:\Documents and Settings\Administrator\git\OnlineRegist\OnlineRegist\src\main\java\com\online\bean\SchedulingResult.java
C:\Documents and Settings\Administrator\git\OnlineRegist\OnlineRegist\src\main\java\com\online\control\UserController.java
C:\Documents and Settings\Administrator\git\OnlineRegist\OnlineRegist\src\main\java\com\online\service\CostService.java
C:\Documents and Settings\Administrator\git\OnlineRegist\OnlineRegist\src\main\java\com\online\dao\DoctorMapper.java
C:\Documents and Settings\Administrator\git\OnlineRegist\OnlineRegist\src\main\java\com\online\dao\DepartmentMapper.java
C:\Documents and Settings\Administrator\git\OnlineRegist\OnlineRegist\src\main\java\com\online\dao\DiseaseMapper.java
C:\Documents and Settings\Administrator\git\OnlineRegist\OnlineRegist\src\main\java\com\online\dao\UserMapper.java
C:\Documents and Settings\Administrator\git\OnlineRegist\OnlineRegist\src\main\java\com\online\service\UserService.java
C:\Documents and Settings\Administrator\git\OnlineRegist\OnlineRegist\src\main\java\com\online\service\PositionService.java
C:\Documents and Settings\Administrator\git\OnlineRegist\OnlineRegist\src\main\java\com\online\bean\DiseaseResult.java
